2026-06-12 10:52:43,805 - INFO - ====================== Applying the SMOTE (over sampling the data) =============================
2026-06-12 10:52:43,805 - INFO - Total Training Data Index(['SeniorCitizen', 'tenure_yeo_tri', 'MonthlyCharges_box_CapMS',
       'TotalChargeshmv_yeo_CapMS', 'gender_Male', 'Partner_Yes',
       'Dependents_Yes', 'PhoneService_ordinal', 'MultipleLines_ordinal',
       'InternetService_ordinal', 'OnlineSecurity_ordinal',
       'OnlineBackup_ordinal', 'DeviceProtection_ordinal',
       'TechSupport_ordinal', 'StreamingTV_ordinal', 'StreamingMovies_ordinal',
       'Contract_ordinal', 'PaperlessBilling_ordinal', 'PaymentMethod_ordinal',
       'Sim_ordinal'],
      dtype='str') and shape (5634, 20)
2026-06-12 10:52:43,807 - INFO - Total Testing Data Index(['SeniorCitizen', 'tenure_yeo_tri', 'MonthlyCharges_box_CapMS',
       'TotalChargeshmv_yeo_CapMS', 'gender_Male', 'Partner_Yes',
       'Dependents_Yes', 'PhoneService_ordinal', 'MultipleLines_ordinal',
       'InternetService_ordinal', 'OnlineSecurity_ordinal',
       'OnlineBackup_ordinal', 'DeviceProtection_ordinal',
       'TechSupport_ordinal', 'StreamingTV_ordinal', 'StreamingMovies_ordinal',
       'Contract_ordinal', 'PaperlessBilling_ordinal', 'PaymentMethod_ordinal',
       'Sim_ordinal'],
      dtype='str') and shape (1409, 20)
2026-06-12 10:52:43,807 - INFO -  Checking how many are Good rows : 1516
2026-06-12 10:52:43,808 - INFO -  Checking how many are Bad rows : 4118 
2026-06-12 10:52:46,151 - INFO - Total Training Data Index(['SeniorCitizen', 'tenure_yeo_tri', 'MonthlyCharges_box_CapMS',
       'TotalChargeshmv_yeo_CapMS', 'gender_Male', 'Partner_Yes',
       'Dependents_Yes', 'PhoneService_ordinal', 'MultipleLines_ordinal',
       'InternetService_ordinal', 'OnlineSecurity_ordinal',
       'OnlineBackup_ordinal', 'DeviceProtection_ordinal',
       'TechSupport_ordinal', 'StreamingTV_ordinal', 'StreamingMovies_ordinal',
       'Contract_ordinal', 'PaperlessBilling_ordinal', 'PaymentMethod_ordinal',
       'Sim_ordinal'],
      dtype='str') and shape (8236, 20)
2026-06-12 10:52:46,152 - INFO - Total Testing Data shape (8236,)
2026-06-12 10:52:46,153 - INFO -  Checking how many are Good rows : 4118
2026-06-12 10:52:46,153 - INFO -  Checking how many are Bad rows : 4118 
