2026-06-12 10:52:43,416 - INFO -       gender  SeniorCitizen Partner Dependents  tenure PhoneService  ...        Contract PaperlessBilling              PaymentMethod MonthlyCharges TotalCharges Churn
0     Female              0     Yes         No       1           No  ...  Month-to-month              Yes           Electronic check          29.85        29.85    No
1       Male              0      No         No      34          Yes  ...        One year               No               Mailed check          56.95       1889.5    No
2       Male              0      No         No       2          Yes  ...  Month-to-month              Yes               Mailed check          53.85       108.15   Yes
3       Male              0      No         No      45           No  ...        One year               No  Bank transfer (automatic)          42.30      1840.75    No
4     Female              0      No         No       2          Yes  ...  Month-to-month              Yes           Electronic check          70.70       151.65   Yes
...      ...            ...     ...        ...     ...          ...  ...             ...              ...                        ...            ...          ...   ...
7038    Male              0     Yes        Yes      24          Yes  ...        One year              Yes               Mailed check          84.80       1990.5    No
7039  Female              0     Yes        Yes      72          Yes  ...        One year              Yes    Credit card (automatic)         103.20       7362.9    No
7040  Female              0     Yes        Yes      11           No  ...  Month-to-month              Yes           Electronic check          29.60       346.45    No
7041    Male              1     Yes         No       4          Yes  ...  Month-to-month              Yes               Mailed check          74.40        306.6   Yes
7042    Male              0      No         No      66          Yes  ...        Two year              Yes  Bank transfer (automatic)         105.65       6844.5    No

[7043 rows x 20 columns]
2026-06-12 10:52:43,456 - INFO - data set information None
2026-06-12 10:52:43,456 - INFO - Before Updated dataset Size is: (7043, 20)
2026-06-12 10:52:43,529 - INFO - After updated file is       gender  SeniorCitizen Partner Dependents  tenure PhoneService  ... PaperlessBilling              PaymentMethod MonthlyCharges TotalCharges Churn           Sim
0     Female              0     Yes         No       1           No  ...              Yes           Electronic check          29.85        29.85    No  Reliance Jio
1       Male              0      No         No      34          Yes  ...               No               Mailed check          56.95       1889.5    No        Airtel
2       Male              0      No         No       2          Yes  ...              Yes               Mailed check          53.85       108.15   Yes        Airtel
3       Male              0      No         No      45           No  ...               No  Bank transfer (automatic)          42.30      1840.75    No       Vi-idea
4     Female              0      No         No       2          Yes  ...              Yes           Electronic check          70.70       151.65   Yes  Reliance Jio
...      ...            ...     ...        ...     ...          ...  ...              ...                        ...            ...          ...   ...           ...
7038    Male              0     Yes        Yes      24          Yes  ...              Yes               Mailed check          84.80       1990.5    No        Airtel
7039  Female              0     Yes        Yes      72          Yes  ...              Yes    Credit card (automatic)         103.20       7362.9    No          BSNL
7040  Female              0     Yes        Yes      11           No  ...              Yes           Electronic check          29.60       346.45    No  Reliance Jio
7041    Male              1     Yes         No       4          Yes  ...              Yes               Mailed check          74.40        306.6   Yes        Airtel
7042    Male              0      No         No      66          Yes  ...              Yes  Bank transfer (automatic)         105.65       6844.5    No       Vi-idea

[7043 rows x 21 columns]
2026-06-12 10:52:43,529 - INFO - After updated dataset Size is: (7043, 21)
2026-06-12 10:52:43,530 - INFO - After updated dataset colums is: Index(['gender', 'SeniorCitizen', 'Partner', 'Dependents', 'tenure',
       'PhoneService', 'MultipleLines', 'InternetService', 'OnlineSecurity',
       'OnlineBackup', 'DeviceProtection', 'TechSupport', 'StreamingTV',
       'StreamingMovies', 'Contract', 'PaperlessBilling', 'PaymentMethod',
       'MonthlyCharges', 'TotalCharges', 'Churn', 'Sim'],
      dtype='str')
2026-06-12 10:52:43,530 - INFO - Checking for null values
2026-06-12 10:52:43,530 - INFO - gender -> 0
2026-06-12 10:52:43,531 - INFO - SeniorCitizen -> 0
2026-06-12 10:52:43,531 - INFO - Partner -> 0
2026-06-12 10:52:43,531 - INFO - Dependents -> 0
2026-06-12 10:52:43,532 - INFO - tenure -> 0
2026-06-12 10:52:43,532 - INFO - PhoneService -> 0
2026-06-12 10:52:43,532 - INFO - MultipleLines -> 0
2026-06-12 10:52:43,533 - INFO - InternetService -> 0
2026-06-12 10:52:43,533 - INFO - OnlineSecurity -> 0
2026-06-12 10:52:43,534 - INFO - OnlineBackup -> 0
2026-06-12 10:52:43,534 - INFO - DeviceProtection -> 0
2026-06-12 10:52:43,534 - INFO - TechSupport -> 0
2026-06-12 10:52:43,535 - INFO - StreamingTV -> 0
2026-06-12 10:52:43,535 - INFO - StreamingMovies -> 0
2026-06-12 10:52:43,536 - INFO - Contract -> 0
2026-06-12 10:52:43,536 - INFO - PaperlessBilling -> 0
2026-06-12 10:52:43,537 - INFO - PaymentMethod -> 0
2026-06-12 10:52:43,537 - INFO - MonthlyCharges -> 0
2026-06-12 10:52:43,537 - INFO - TotalCharges -> 0
2026-06-12 10:52:43,538 - INFO - Churn -> 0
2026-06-12 10:52:43,538 - INFO - Sim -> 0
2026-06-12 10:52:43,538 - INFO - =====================convert string into float========================
2026-06-12 10:52:43,550 - INFO - None
2026-06-12 10:52:43,551 - INFO - gender -> 0
2026-06-12 10:52:43,551 - INFO - SeniorCitizen -> 0
2026-06-12 10:52:43,552 - INFO - Partner -> 0
2026-06-12 10:52:43,552 - INFO - Dependents -> 0
2026-06-12 10:52:43,553 - INFO - tenure -> 0
2026-06-12 10:52:43,553 - INFO - PhoneService -> 0
2026-06-12 10:52:43,553 - INFO - MultipleLines -> 0
2026-06-12 10:52:43,554 - INFO - InternetService -> 0
2026-06-12 10:52:43,554 - INFO - OnlineSecurity -> 0
2026-06-12 10:52:43,555 - INFO - OnlineBackup -> 0
2026-06-12 10:52:43,555 - INFO - DeviceProtection -> 0
2026-06-12 10:52:43,555 - INFO - TechSupport -> 0
2026-06-12 10:52:43,556 - INFO - StreamingTV -> 0
2026-06-12 10:52:43,556 - INFO - StreamingMovies -> 0
2026-06-12 10:52:43,557 - INFO - Contract -> 0
2026-06-12 10:52:43,557 - INFO - PaperlessBilling -> 0
2026-06-12 10:52:43,557 - INFO - PaymentMethod -> 0
2026-06-12 10:52:43,558 - INFO - MonthlyCharges -> 0
2026-06-12 10:52:43,558 - INFO - TotalCharges -> 11
2026-06-12 10:52:43,558 - INFO - Churn -> 0
2026-06-12 10:52:43,559 - INFO - Sim -> 0
2026-06-12 10:52:43,560 - INFO - the columns in X :Index(['gender', 'SeniorCitizen', 'Partner', 'Dependents', 'tenure',
       'PhoneService', 'MultipleLines', 'InternetService', 'OnlineSecurity',
       'OnlineBackup', 'DeviceProtection', 'TechSupport', 'StreamingTV',
       'StreamingMovies', 'Contract', 'PaperlessBilling', 'PaymentMethod',
       'MonthlyCharges', 'TotalCharges', 'Sim'],
      dtype='str')
2026-06-12 10:52:43,560 - INFO - the shape of X:(7043, 20)
2026-06-12 10:52:43,560 - INFO - the shape of y:(7043,)
2026-06-12 10:52:43,568 - INFO - Columns name in X_train and X_test:Index(['gender', 'SeniorCitizen', 'Partner', 'Dependents', 'tenure',
       'PhoneService', 'MultipleLines', 'InternetService', 'OnlineSecurity',
       'OnlineBackup', 'DeviceProtection', 'TechSupport', 'StreamingTV',
       'StreamingMovies', 'Contract', 'PaperlessBilling', 'PaymentMethod',
       'MonthlyCharges', 'TotalCharges', 'Sim'],
      dtype='str')
2026-06-12 10:52:43,569 - INFO - shape of X_trian:(5634, 20)
2026-06-12 10:52:43,569 - INFO - shape of X_test:(1409, 20)
2026-06-12 10:52:43,570 - INFO - shape before converstion of y_trian:4922     No
2512     No
5816     No
6418     No
131     Yes
       ... 
4703    Yes
3616     No
6012    Yes
5763     No
6558    Yes
Name: Churn, Length: 5634, dtype: str
2026-06-12 10:52:43,571 - INFO - shape before converstion of y_test:5851     No
843      No
5442     No
4792    Yes
2303    Yes
       ... 
459      No
710     Yes
1955     No
5956    Yes
2628     No
Name: Churn, Length: 1409, dtype: str
2026-06-12 10:52:43,574 - INFO - shape after converstion of y_trian:4922    0
2512    0
5816    0
6418    0
131     1
       ..
4703    1
3616    0
6012    1
5763    0
6558    1
Name: Churn, Length: 5634, dtype: int64
2026-06-12 10:52:43,574 - INFO - shape after converstion of y_test:5851    0
843     0
5442    0
4792    1
2303    1
       ..
459     0
710     1
1955    0
5956    1
2628    0
Name: Churn, Length: 1409, dtype: int64
2026-06-12 10:52:43,574 - INFO - shape after converstion of y_trian:(5634,)
2026-06-12 10:52:43,575 - INFO - shape after converstion of y_test:(1409,)
2026-06-12 10:52:43,575 - INFO - ================handling missing values===============
2026-06-12 10:52:43,584 - INFO - Before handling null or missing values of trian data:gender               0
SeniorCitizen        0
Partner              0
Dependents           0
tenure               0
PhoneService         0
MultipleLines        0
InternetService      0
OnlineSecurity       0
OnlineBackup         0
DeviceProtection     0
TechSupport          0
StreamingTV          0
StreamingMovies      0
Contract             0
PaperlessBilling     0
PaymentMethod        0
MonthlyCharges       0
TotalCharges        11
Sim                  0
dtype: int64
2026-06-12 10:52:43,586 - INFO - Before handling null or missing values of test data:gender              0
SeniorCitizen       0
Partner             0
Dependents          0
tenure              0
PhoneService        0
MultipleLines       0
InternetService     0
OnlineSecurity      0
OnlineBackup        0
DeviceProtection    0
TechSupport         0
StreamingTV         0
StreamingMovies     0
Contract            0
PaperlessBilling    0
PaymentMethod       0
MonthlyCharges      0
TotalCharges        0
Sim                 0
dtype: int64
2026-06-12 10:52:43,648 - INFO - After handling null or missing values of trian data:gender              0
SeniorCitizen       0
Partner             0
Dependents          0
tenure              0
PhoneService        0
MultipleLines       0
InternetService     0
OnlineSecurity      0
OnlineBackup        0
DeviceProtection    0
TechSupport         0
StreamingTV         0
StreamingMovies     0
Contract            0
PaperlessBilling    0
PaymentMethod       0
MonthlyCharges      0
Sim                 0
TotalChargeshmv     0
dtype: int64
2026-06-12 10:52:43,651 - INFO - After handling null or missing values of test data:gender              0
SeniorCitizen       0
Partner             0
Dependents          0
tenure              0
PhoneService        0
MultipleLines       0
InternetService     0
OnlineSecurity      0
OnlineBackup        0
DeviceProtection    0
TechSupport         0
StreamingTV         0
StreamingMovies     0
Contract            0
PaperlessBilling    0
PaymentMethod       0
MonthlyCharges      0
Sim                 0
TotalChargeshmv     0
dtype: int64
2026-06-12 10:52:43,652 - INFO - ================ Data Splitting =================
2026-06-12 10:52:43,652 - INFO - Before splitting the Train columns Index(['gender', 'SeniorCitizen', 'Partner', 'Dependents', 'tenure',
       'PhoneService', 'MultipleLines', 'InternetService', 'OnlineSecurity',
       'OnlineBackup', 'DeviceProtection', 'TechSupport', 'StreamingTV',
       'StreamingMovies', 'Contract', 'PaperlessBilling', 'PaymentMethod',
       'MonthlyCharges', 'Sim', 'TotalChargeshmv'],
      dtype='str')
2026-06-12 10:52:43,653 - INFO - Before splitting the Test columns Index(['gender', 'SeniorCitizen', 'Partner', 'Dependents', 'tenure',
       'PhoneService', 'MultipleLines', 'InternetService', 'OnlineSecurity',
       'OnlineBackup', 'DeviceProtection', 'TechSupport', 'StreamingTV',
       'StreamingMovies', 'Contract', 'PaperlessBilling', 'PaymentMethod',
       'MonthlyCharges', 'Sim', 'TotalChargeshmv'],
      dtype='str')
2026-06-12 10:52:43,654 - INFO - After splitting the Train numerical columns Index(['SeniorCitizen', 'tenure', 'MonthlyCharges', 'TotalChargeshmv'], dtype='str') : 
 (5634, 4)
2026-06-12 10:52:43,654 - INFO - After splitting the Train categorical  columns Index(['gender', 'Partner', 'Dependents', 'PhoneService', 'MultipleLines',
       'InternetService', 'OnlineSecurity', 'OnlineBackup', 'DeviceProtection',
       'TechSupport', 'StreamingTV', 'StreamingMovies', 'Contract',
       'PaperlessBilling', 'PaymentMethod', 'Sim'],
      dtype='str') : 
 (5634, 16)
2026-06-12 10:52:43,655 - INFO - After splitting the Test numerical columns Index(['SeniorCitizen', 'tenure', 'MonthlyCharges', 'TotalChargeshmv'], dtype='str') : 
 (1409, 4)
2026-06-12 10:52:43,655 - INFO - After splitting the Test categorical  columns Index(['gender', 'Partner', 'Dependents', 'PhoneService', 'MultipleLines',
       'InternetService', 'OnlineSecurity', 'OnlineBackup', 'DeviceProtection',
       'TechSupport', 'StreamingTV', 'StreamingMovies', 'Contract',
       'PaperlessBilling', 'PaymentMethod', 'Sim'],
      dtype='str') : 
 (1409, 16)
2026-06-12 10:52:43,655 - INFO - Before apply Train numerical columns and shapes variable Transformation 
 : Index(['SeniorCitizen', 'tenure', 'MonthlyCharges', 'TotalChargeshmv'], dtype='str') : (5634, 4)
2026-06-12 10:52:43,655 - INFO - Before apply Test numerical columns and shapes variable Transformation 
 : Index(['SeniorCitizen', 'tenure', 'MonthlyCharges', 'TotalChargeshmv'], dtype='str') : (1409, 4)
2026-06-12 10:52:43,716 - INFO - After apply Train numerical columns and shapes variable Transformation 
 : Index(['SeniorCitizen', 'tenure_yeo', 'MonthlyCharges_box',
       'TotalChargeshmv_yeo'],
      dtype='str') : (5634, 4)
2026-06-12 10:52:43,717 - INFO - After apply Test numerical columns and shapes variable Transformation 
 : Index(['SeniorCitizen', 'tenure_yeo', 'MonthlyCharges_box',
       'TotalChargeshmv_yeo'],
      dtype='str') : (1409, 4)
2026-06-12 10:52:43,717 - INFO - Before apply Train numerical columns and shapes outlier 
 : Index(['SeniorCitizen', 'tenure_yeo', 'MonthlyCharges_box',
       'TotalChargeshmv_yeo'],
      dtype='str') : (5634, 4)
2026-06-12 10:52:43,717 - INFO - Before apply Test numerical columns and shapes oulier 
 : Index(['SeniorCitizen', 'tenure_yeo', 'MonthlyCharges_box',
       'TotalChargeshmv_yeo'],
      dtype='str') : (1409, 4)
2026-06-12 10:52:43,727 - INFO - After apply outlier Train numerical columns and shapes  
 : Index(['SeniorCitizen', 'tenure_yeo_tri', 'MonthlyCharges_box_CapMS',
       'TotalChargeshmv_yeo_CapMS'],
      dtype='str') : (5634, 4)
2026-06-12 10:52:43,727 - INFO - After apply outlier Test numerical columns and shapes 
 : Index(['SeniorCitizen', 'tenure_yeo_tri', 'MonthlyCharges_box_CapMS',
       'TotalChargeshmv_yeo_CapMS'],
      dtype='str') : (1409, 4)
2026-06-12 10:52:43,763 - INFO - After applying Feature Selection Train numerical columns and shapes  
 : Index(['SeniorCitizen', 'tenure_yeo_tri', 'MonthlyCharges_box_CapMS',
       'TotalChargeshmv_yeo_CapMS'],
      dtype='str') : (5634, 4)
2026-06-12 10:52:43,763 - INFO - After applying Feature Selection  Test numerical columns and shapes  
 : Index(['SeniorCitizen', 'tenure_yeo_tri', 'MonthlyCharges_box_CapMS',
       'TotalChargeshmv_yeo_CapMS'],
      dtype='str') : (1409, 4)
2026-06-12 10:52:43,804 - INFO - Total Training Data is : Index(['SeniorCitizen', 'tenure_yeo_tri', 'MonthlyCharges_box_CapMS',
       'TotalChargeshmv_yeo_CapMS', 'gender_Male', 'Partner_Yes',
       'Dependents_Yes', 'PhoneService_ordinal', 'MultipleLines_ordinal',
       'InternetService_ordinal', 'OnlineSecurity_ordinal',
       'OnlineBackup_ordinal', 'DeviceProtection_ordinal',
       'TechSupport_ordinal', 'StreamingTV_ordinal', 'StreamingMovies_ordinal',
       'Contract_ordinal', 'PaperlessBilling_ordinal', 'PaymentMethod_ordinal',
       'Sim_ordinal'],
      dtype='str') 
 and it shape : (5634, 20) 
2026-06-12 10:52:43,805 - INFO - Total Testing Data is : Index(['SeniorCitizen', 'tenure_yeo_tri', 'MonthlyCharges_box_CapMS',
       'TotalChargeshmv_yeo_CapMS', 'gender_Male', 'Partner_Yes',
       'Dependents_Yes', 'PhoneService_ordinal', 'MultipleLines_ordinal',
       'InternetService_ordinal', 'OnlineSecurity_ordinal',
       'OnlineBackup_ordinal', 'DeviceProtection_ordinal',
       'TechSupport_ordinal', 'StreamingTV_ordinal', 'StreamingMovies_ordinal',
       'Contract_ordinal', 'PaperlessBilling_ordinal', 'PaymentMethod_ordinal',
       'Sim_ordinal'],
      dtype='str') 
 and it shape : (1409, 20)
2026-06-12 10:52:43,805 - INFO - ========================= Data Balancing ================================
2026-06-12 10:52:43,805 - INFO - Before Data Balanced the Index(['SeniorCitizen', 'tenure_yeo_tri', 'MonthlyCharges_box_CapMS',
       'TotalChargeshmv_yeo_CapMS', 'gender_Male', 'Partner_Yes',
       'Dependents_Yes', 'PhoneService_ordinal', 'MultipleLines_ordinal',
       'InternetService_ordinal', 'OnlineSecurity_ordinal',
       'OnlineBackup_ordinal', 'DeviceProtection_ordinal',
       'TechSupport_ordinal', 'StreamingTV_ordinal', 'StreamingMovies_ordinal',
       'Contract_ordinal', 'PaperlessBilling_ordinal', 'PaymentMethod_ordinal',
       'Sim_ordinal'],
      dtype='str') and it is shape (5634, 20)
2026-06-12 10:52:46,154 - INFO - After balancing the data Index(['SeniorCitizen', 'tenure_yeo_tri', 'MonthlyCharges_box_CapMS',
       'TotalChargeshmv_yeo_CapMS', 'gender_Male', 'Partner_Yes',
       'Dependents_Yes', 'PhoneService_ordinal', 'MultipleLines_ordinal',
       'InternetService_ordinal', 'OnlineSecurity_ordinal',
       'OnlineBackup_ordinal', 'DeviceProtection_ordinal',
       'TechSupport_ordinal', 'StreamingTV_ordinal', 'StreamingMovies_ordinal',
       'Contract_ordinal', 'PaperlessBilling_ordinal', 'PaymentMethod_ordinal',
       'Sim_ordinal'],
      dtype='str') and it is shape : (8236, 20)
2026-06-12 10:52:46,154 - INFO -  After balancing the data (8236,)
2026-06-12 10:52:46,186 - INFO - ===Training Logistic Regression=====
2026-06-12 10:52:46,216 - INFO - Test data Accuracy : 0.7700496806245565
2026-06-12 10:52:46,218 - INFO - Confusion Matrix : [[804 252]
 [ 72 281]]
2026-06-12 10:52:46,227 - INFO - classification report :               precision    recall  f1-score   support

           0       0.92      0.76      0.83      1056
           1       0.53      0.80      0.63       353

    accuracy                           0.77      1409
   macro avg       0.72      0.78      0.73      1409
weighted avg       0.82      0.77      0.78      1409

2026-06-12 10:52:46,227 - INFO - ====Saving the Scaled and Logistic Regression Model into Pickle File===========
